[dotenv@17.2.3] injecting env (0) from .env -- tip: ≡ƒæÑ sync secrets across teammates & machines: https://dotenvx.com/ops
Connecting to MongoDB...
[MongoDB] Γ£à Connected successfully to mongodb://localhost:27017/online_store
Setting up Vanex configuration...
Creating Test Order...
Input Data: {
  customerName: 'Test Customer 2025-12-28T09:27:36.422Z',
  customerPhone: '0911234567',
  cityId: 1,
  address: 'Tripoli, Near Martyrs Square',
  totalPrice: 150,
  note: 'This is a test order generated by script to verify Vanex Integration'
}
Authenticating with Vanex...
node.exe : VANEX 
Authentication failed: No 
token returned in params
At line:1 char:1
+ & "C:\Program 
Files\nodejs/node.exe" 
"C:\Program 
Files\nodejs/node_mo ...
+ ~~~~~~~~~~~~~~~~~~~~~~~~~~
~~~~~~~~~~~~~~~~~~~~~~~~~~~~
~~~~~~~~~~~~~~~
    + CategoryInfo          
    : NotSpecified: (VANEX  
   Authentic...urned in p   
 arams:String) [], Remot    
eException
    + FullyQualifiedErrorId 
    : NativeCommandError
 

Γ¥î Error creating order: 
Failed to authenticate with 
Delivery Service
[MongoDB] Disconnected
